// Jest Snapshot v1, https://goo.gl/fbAQLP

exports[`Check if Missions page renders correctly 1`] = `
<div>
  <table>
    <thead>
      <tr>
        <th>
          Missions
        </th>
        <th>
          Description
        </th>
        <th>
          Status
        </th>
        <th />
      </tr>
    </thead>
    <tbody />
  </table>
</div>
`;
